172.37.101.41 - - [23/Mar/2021:10:32:01 +0800] "GET /apis/batch/v1/namespaces/default/jobs?labelSelector=jobDeployId%3D122 HTTP/1.1" 200 149 "-" "okhttp/3.12.12" "-" 0.013 - -
172.37.101.41 - - [23/Mar/2021:10:32:01 +0800] "GET /api/v1/namespaces/default/pods?labelSelector=deployId%3D124 HTTP/1.1" 200 2141 "-" "okhttp/3.12.12" "-" 0.031 - -
172.37.101.41 - - [23/Mar/2021:10:32:01 +0800] "GET /api/v1/namespaces/default/pods?labelSelector=deployId%3D124%2Cversion%3D5 HTTP/1.1" 200 2141 "-" "okhttp/3.12.12" "-" 0.028 - -
172.37.101.41 - - [23/Mar/2021:10:32:01 +0800] "GET /apis/batch/v1/namespaces/default/jobs?labelSelector=jobDeployId%3D124 HTTP/1.1" 200 149 "-" "okhttp/3.12.12" "-" 0.013 - -
172.37.101.41 - - [23/Mar/2021:10:32:01 +0800] "GET /api/v1/namespaces/default/pods?labelSelector=deployId%3D125 HTTP/1.1" 200 2261 "-" "okhttp/3.12.12" "-" 0.029 - -
172.37.101.41 - - [23/Mar/2021:10:32:01 +0800] "GET /api/v1/namespaces/default/pods?labelSelector=deployId%3D125%2Cversion%3D5 HTTP/1.1" 200 2261 "-" "okhttp/3.12.12" "-" 0.028 - -
172.37.101.41 - - [23/Mar/2021:10:32:01 +0800] "GET /apis/batch/v1/namespaces/default/jobs?labelSelector=jobDeployId%3D125 HTTP/1.1" 200 149 "-" "okhttp/3.12.12" "-" 0.012 - -
172.37.101.41 - - [23/Mar/2021:10:32:01 +0800] "GET /api/v1/namespaces/default/pods?labelSelector=deployId%3D126 HTTP/1.1" 200 1649 "-" "okhttp/3.12.12" "-" 0.028 - -
172.37.101.41 - - [23/Mar/2021:10:32:01 +0800] "GET /api/v1/namespaces/default/pods?labelSelector=deployId%3D126%2Cversion%3D24 HTTP/1.1" 200 1649 "-" "okhttp/3.12.12" "-" 0.028 - -
172.37.101.41 - - [23/Mar/2021:10:32:01 +0800] "GET /apis/batch/v1/namespaces/default/jobs?labelSelector=jobDeployId%3D126 HTTP/1.1" 200 149 "-" "okhttp/3.12.12" "-" 0.013 - -
172.37.101.41 - - [23/Mar/2021:10:32:01 +0800] "GET /api/v1/namespaces/default/pods?labelSelector=deployId%3D127 HTTP/1.1" 200 1717 "-" "okhttp/3.12.12" "-" 0.028 - -
172.37.101.41 - - [23/Mar/2021:10:32:01 +0800] "GET /api/v1/namespaces/default/pods?labelSelector=deployId%3D127%2Cversion%3D11 HTTP/1.1" 200 1717 "-" "okhttp/3.12.12" "-" 0.027 - -
172.37.101.41 - - [23/Mar/2021:10:32:01 +0800] "GET /apis/batch/v1/namespaces/default/jobs?labelSelector=jobDeployId%3D127 HTTP/1.1" 200 149 "-" "okhttp/3.12.12" "-" 0.012 - -
172.37.101.41 - - [23/Mar/2021:10:32:01 +0800] "GET /api/v1/namespaces/default/pods?labelSelector=deployId%3D128 HTTP/1.1" 200 1535 "-" "okhttp/3.12.12" "-" 0.026 - -
172.37.101.41 - - [23/Mar/2021:10:32:01 +0800] "GET /api/v1/namespaces/default/pods?labelSelector=deployId%3D128%2Cversion%3D11 HTTP/1.1" 200 1535 "-" "okhttp/3.12.12" "-" 0.029 - -
172.37.101.41 - - [23/Mar/2021:10:32:01 +0800] "GET /apis/batch/v1/namespaces/default/jobs?labelSelector=jobDeployId%3D128 HTTP/1.1" 200 149 "-" "okhttp/3.12.12" "-" 0.013 - -
172.37.101.41 - - [23/Mar/2021:10:32:01 +0800] "GET /api/v1/namespaces/default/pods?labelSelector=deployId%3D129 HTTP/1.1" 200 1829 "-" "okhttp/3.12.12" "-" 0.045 - -
172.37.101.41 - - [23/Mar/2021:10:32:01 +0800] "GET /api/v1/namespaces/default/pods?labelSelector=deployId%3D129%2Cversion%3D2 HTTP/1.1" 200 1829 "-" "okhttp/3.12.12" "-" 0.036 - -
172.37.101.41 - - [23/Mar/2021:10:32:01 +0800] "GET /apis/batch/v1/namespaces/default/jobs?labelSelector=jobDeployId%3D129 HTTP/1.1" 200 149 "-" "okhttp/3.12.12" "-" 0.014 - -
172.37.101.41 - - [23/Mar/2021:10:32:01 +0800] "GET /api/v1/namespaces/default/pods?labelSelector=deployId%3D131 HTTP/1.1" 200 1582 "-" "okhttp/3.12.12" "-" 0.030 - -
172.37.101.41 - - [23/Mar/2021:10:32:01 +0800] "GET /api/v1/namespaces/default/pods?labelSelector=deployId%3D131%2Cversion%3D1 HTTP/1.1" 200 1582 "-" "okhttp/3.12.12" "-" 0.034 - -
172.37.101.41 - - [23/Mar/2021:10:32:01 +0800] "GET /apis/batch/v1/namespaces/default/jobs?labelSelector=jobDeployId%3D131 HTTP/1.1" 200 149 "-" "okhttp/3.12.12" "-" 0.014 - -
172.37.101.41 - - [23/Mar/2021:10:32:01 +0800] "GET /api/v1/namespaces/default/pods?labelSelector=deployId%3D132 HTTP/1.1" 200 1626 "-" "okhttp/3.12.12" "-" 0.032 - -
172.37.101.41 - - [23/Mar/2021:10:32:01 +0800] "GET /api/v1/namespaces/default/pods?labelSelector=deployId%3D132%2Cversion%3D6 HTTP/1.1" 200 1626 "-" "okhttp/3.12.12" "-" 0.029 - -
172.37.101.41 - - [23/Mar/2021:10:32:01 +0800] "GET /apis/batch/v1/namespaces/default/jobs?labelSelector=jobDeployId%3D132 HTTP/1.1" 200 149 "-" "okhttp/3.12.12" "-" 0.013 - -
172.37.101.41 - - [23/Mar/2021:10:32:01 +0800] "GET /api/v1/namespaces/default/pods?labelSelector=deployId%3D133 HTTP/1.1" 200 1519 "-" "okhttp/3.12.12" "-" 0.042 - -
172.37.101.41 - - [23/Mar/2021:10:32:01 +0800] "GET /api/v1/namespaces/default/pods?labelSelector=deployId%3D133%2Cversion%3D2 HTTP/1.1" 200 1519 "-" "okhttp/3.12.12" "-" 0.029 - -
172.37.101.41 - - [23/Mar/2021:10:32:01 +0800] "GET /apis/batch/v1/namespaces/default/jobs?labelSelector=jobDeployId%3D133 HTTP/1.1" 200 149 "-" "okhttp/3.12.12" "-" 0.012 - -
172.37.101.41 - - [23/Mar/2021:10:32:01 +0800] "GET /api/v1/namespaces/default/pods?labelSelector=deployId%3D134 HTTP/1.1" 200 1529 "-" "okhttp/3.12.12" "-" 0.029 - -
172.37.101.41 - - [23/Mar/2021:10:32:01 +0800] "GET /api/v1/namespaces/default/pods?labelSelector=deployId%3D134%2Cversion%3D2 HTTP/1.1" 200 1529 "-" "okhttp/3.12.12" "-" 0.028 - -
172.37.101.41 - - [23/Mar/2021:10:32:01 +0800] "GET /apis/batch/v1/namespaces/default/jobs?labelSelector=jobDeployId%3D134 HTTP/1.1" 200 149 "-" "okhttp/3.12.12" "-" 0.013 - -
172.37.101.41 - - [23/Mar/2021:10:32:01 +0800] "GET /api/v1/namespaces/default/pods?labelSelector=deployId%3D135 HTTP/1.1" 200 136 "-" "okhttp/3.12.12" "-" 0.029 - -
182.150.155.65 - - [23/Mar/2021:10:32:02 +0800] "GET /api/sso/login/checkStatus?origin=app.bizsaas.com HTTP/1.1" 200 203 "http://app.bizsaas.com/" "Mozilla/5.0 (Windows NT 10.0; Win64; x64) AppleWebKit/537.36 (KHTML, like Gecko) Chrome/89.0.4389.90 Safari/537.36" "-" 0.005 - 469523.188040.16164669140030001
222.161.241.6 - - [23/Mar/2021:10:32:02 +0800] "GET /api/im/ws/ HTTP/1.1" 101 1756 "-" "Mozilla/5.0 (Windows NT 10.0; Win64; x64) AppleWebKit/537.36 (KHTML, like Gecko) Chrome/89.0.4389.90 Safari/537.36" "-" 260.860 - -
172.37.101.41 - - [23/Mar/2021:10:32:03 +0800] "GET /api/v1/pods?labelSelector=deployId%3D58 HTTP/1.1" 200 1565 "-" "okhttp/3.12.12" "-" 0.037 - -
218.4.198.238 - - [23/Mar/2021:10:32:03 +0800] "GET /api/im/ws/ HTTP/1.1" 101 2579 "-" "Mozilla/5.0 (Windows NT 6.1; WOW64) AppleWebKit/537.36 (KHTML, like Gecko) Chrome/63.0.3239.132 Safari/537.36" "-" 220.153 - -
172.37.101.41 - - [23/Mar/2021:10:32:03 +0800] "GET /api/v1/namespaces/default/pods?labelSelector=deployId%3D58 HTTP/1.1" 200 1567 "-" "okhttp/3.12.12" "-" 0.090 - -
172.37.101.41 - - [23/Mar/2021:10:32:04 +0800] "GET /api/v1/namespaces/default/pods?labelSelector=deployId%3D58 HTTP/1.1" 200 1567 "-" "okhttp/3.12.12" "-" 0.028 - -
112.80.29.214 - - [23/Mar/2021:10:32:04 +0800] "GET /api/im/ws/?userTag=beta HTTP/1.1" 101 766 "-" "Mozilla/5.0 (Macintosh; Intel Mac OS X 10_14_6) AppleWebKit/537.36 (KHTML, like Gecko) Chrome/89.0.4389.90 Safari/537.36" "-" 260.366 beta -
172.37.101.41 - - [23/Mar/2021:10:32:04 +0800] "GET /api/v1/namespaces/default/pods?labelSelector=deployId%3D90 HTTP/1.1" 200 1792 "-" "okhttp/3.12.12" "-" 0.028 - -
172.37.101.41 - - [23/Mar/2021:10:32:04 +0800] "GET /api/v1/namespaces/default/pods?labelSelector=deployId%3D90 HTTP/1.1" 200 1792 "-" "okhttp/3.12.12" "-" 0.032 - -
172.37.101.41 - - [23/Mar/2021:10:32:04 +0800] "GET /api/v1/pods?labelSelector=deployId%3D90 HTTP/1.1" 200 1790 "-" "okhttp/3.12.12" "-" 0.063 - -
183.157.52.175 - - [23/Mar/2021:10:32:06 +0800] "OPTIONS /api/sso/login/password HTTP/1.1" 200 0 "http://passport1.bizsaas.com/" "Mozilla/5.0 (Windows NT 6.1; Win64; x64) AppleWebKit/537.36 (KHTML, like Gecko) Chrome/89.0.4389.90 Safari/537.36" "-" 0.000 - -
192.241.226.148 - - [23/Mar/2021:10:32:07 +0800] "GET /owa/auth/logon.aspx?url=https%3a%2f%2f1%2fecp%2f HTTP/1.1" 404 9 "-" "Mozilla/5.0 zgrab/0.x" "-" 0.000 - -
172.37.101.41 - - [23/Mar/2021:10:32:07 +0800] "GET /api/v1/namespaces/default/pods?labelSelector=deployId%3D58 HTTP/1.1" 200 1566 "-" "okhttp/3.12.12" "-" 0.027 - -
172.37.101.41 - - [23/Mar/2021:10:32:07 +0800] "GET /api/v1/pods?labelSelector=deployId%3D58 HTTP/1.1" 200 1565 "-" "okhttp/3.12.12" "-" 0.036 - -
172.37.101.41 - - [23/Mar/2021:10:32:07 +0800] "GET /api/v1/namespaces/default/pods?labelSelector=deployId%3D58 HTTP/1.1" 200 1566 "-" "okhttp/3.12.12" "-" 0.028 - -
172.37.101.41 - - [23/Mar/2021:10:32:08 +0800] "GET /api/v1/namespaces/default/pods?labelSelector=deployId%3D90 HTTP/1.1" 200 1791 "-" "okhttp/3.12.12" "-" 0.135 - -
172.37.101.41 - - [23/Mar/2021:10:32:08 +0800] "GET /api/v1/namespaces/default/pods?labelSelector=deployId%3D90 HTTP/1.1" 200 1791 "-" "okhttp/3.12.12" "-" 0.074 - -
183.157.52.175 - - [23/Mar/2021:10:32:08 +0800] "OPTIONS /api/sso/login/checkStatus?origin=app.bizsaas.com HTTP/1.1" 200 0 "http://app.bizsaas.com/" "Mozilla/5.0 (Windows NT 6.1; Win64; x64) AppleWebKit/537.36 (KHTML, like Gecko) Chrome/89.0.4389.90 Safari/537.36" "-" 0.000 - -
172.37.101.41 - - [23/Mar/2021:10:32:09 +0800] "GET /api/v1/pods?labelSelector=deployId%3D90 HTTP/1.1" 200 1790 "-" "okhttp/3.12.12" "-" 0.038 - -
52.83.129.15 - - [23/Mar/2021:10:32:10 +0800] "GET / HTTP/2.0" 200 9695 "-" "Go-http-client/2.0" "-" 0.000 - -
116.236.87.158 - - [23/Mar/2021:10:32:11 +0800] "POST /api/2/store/?sentry_key=631d3d4029a9488a98556057ae77286a&sentry_version=7 HTTP/2.0" 200 41 "http://app-admin.lab.bizsaas.com/" "Mozilla/5.0 (Windows NT 10.0; Win64; x64) AppleWebKit/537.36 (KHTML, like Gecko) Chrome/89.0.4389.90 Safari/537.36 Edg/89.0.774.57" "-" 0.009 - -
172.37.101.41 - - [23/Mar/2021:10:32:11 +0800] "GET /api/v1/namespaces/default/pods?labelSelector=deployId%3D58 HTTP/1.1" 200 1567 "-" "okhttp/3.12.12" "-" 0.032 - -
172.37.101.41 - - [23/Mar/2021:10:32:11 +0800] "GET /api/v1/pods?labelSelector=deployId%3D58 HTTP/1.1" 200 1565 "-" "okhttp/3.12.12" "-" 0.044 - -
172.37.101.41 - - [23/Mar/2021:10:32:11 +0800] "GET /api/v1/namespaces/default/pods?labelSelector=deployId%3D58 HTTP/1.1" 200 1567 "-" "okhttp/3.12.12" "-" 0.033 - -
172.37.101.41 - - [23/Mar/2021:10:32:12 +0800] "GET /api/v1/namespaces/default/pods?labelSelector=deployId%3D90 HTTP/1.1" 200 1791 "-" "okhttp/3.12.12" "-" 0.030 - -
172.37.101.41 - - [23/Mar/2021:10:32:12 +0800] "GET /api/v1/namespaces/default/pods?labelSelector=deployId%3D90 HTTP/1.1" 200 1791 "-" "okhttp/3.12.12" "-" 0.033 - -
112.80.29.214 - - [23/Mar/2021:10:32:13 +0800] "POST /api/9/store/?sentry_key=4029a00ef0fb4e6f903eb41f17f114ab&sentry_version=7 HTTP/2.0" 200 41 "http://app-mobile.bizsaas.com/" "Mozilla/5.0 (Linux; Android 6.0; Nexus 5 Build/MRA58N) AppleWebKit/537.36 (KHTML, like Gecko) Chrome/89.0.4389.90 Mobile Safari/537.36" "-" 0.006 - -
112.20.239.29 - - [23/Mar/2021:10:32:13 +0800] "GET /api/im/ws/?userTag=beta HTTP/1.1" 101 766 "-" "Mozilla/5.0 (Macintosh; Intel Mac OS X 10_15_7) AppleWebKit/537.36 (KHTML, like Gecko) Chrome/89.0.4389.90 Safari/537.36" "-" 260.838 beta -
116.236.87.158 - - [23/Mar/2021:10:32:14 +0800] "POST /api/2/store/?sentry_key=631d3d4029a9488a98556057ae77286a&sentry_version=7 HTTP/2.0" 200 41 "http://app-admin.lab.bizsaas.com/" "Mozilla/5.0 (Windows NT 10.0; Win64; x64) AppleWebKit/537.36 (KHTML, like Gecko) Chrome/89.0.4389.90 Safari/537.36 Edg/89.0.774.57" "-" 0.005 - -
172.37.101.41 - - [23/Mar/2021:10:32:14 +0800] "GET /api/v1/pods?labelSelector=deployId%3D90 HTTP/1.1" 200 1791 "-" "okhttp/3.12.12" "-" 0.052 - -
112.80.29.214 - - [23/Mar/2021:10:32:14 +0800] "GET /api/im/ws/ HTTP/1.1" 101 3533 "-" "Mozilla/5.0 (Macintosh; Intel Mac OS X 10_15_4) AppleWebKit/537.36 (KHTML, like Gecko) Chrome/89.0.4389.90 Safari/537.36" "-" 260.895  -
182.150.155.65 - - [23/Mar/2021:10:32:15 +0800] "GET /api/sso/logout HTTP/1.1" 200 120 "http://app.bizsaas.com/" "Mozilla/5.0 (Windows NT 10.0; Win64; x64) AppleWebKit/537.36 (KHTML, like Gecko) Chrome/89.0.4389.90 Safari/537.36" "-" 0.006 - 1.23498602582.16164669272440000
182.150.155.65 - - [23/Mar/2021:10:32:15 +0800] "GET /api/sso/login/checkStatus?origin=app.bizsaas.com HTTP/1.1" 200 171 "http://app.bizsaas.com/" "Mozilla/5.0 (Windows NT 10.0; Win64; x64) AppleWebKit/537.36 (KHTML, like Gecko) Chrome/89.0.4389.90 Safari/537.36" "-" 0.004 - 183548.188648.16164669275770001
182.150.155.65 - - [23/Mar/2021:10:32:15 +0800] "GET /api/sso/logout HTTP/1.1" 200 120 "http://app.bizsaas.com/" "Mozilla/5.0 (Windows NT 10.0; Win64; x64) AppleWebKit/537.36 (KHTML, like Gecko) Chrome/89.0.4389.90 Safari/537.36" "-" 0.006 - 295072.732386.16164669276350004
172.37.101.41 - - [23/Mar/2021:10:32:15 +0800] "GET /api/v1/namespaces/default/pods?labelSelector=deployId%3D58 HTTP/1.1" 200 1566 "-" "okhttp/3.12.12" "-" 0.026 - -
172.37.101.41 - - [23/Mar/2021:10:32:16 +0800] "GET /api/v1/pods?labelSelector=deployId%3D58 HTTP/1.1" 200 1565 "-" "okhttp/3.12.12" "-" 0.037 - -
172.37.101.41 - - [23/Mar/2021:10:32:16 +0800] "GET /api/v1/namespaces/default/pods?labelSelector=deployId%3D58 HTTP/1.1" 200 1566 "-" "okhttp/3.12.12" "-" 0.029 - -
182.150.155.65 - - [23/Mar/2021:10:32:16 +0800] "GET /api/im/ws/ HTTP/1.1" 101 1560 "-" "Mozilla/5.0 (Windows NT 10.0; Win64; x64) AppleWebKit/537.36 (KHTML, like Gecko) Chrome/89.0.4389.90 Safari/537.36" "-" 12.947 - -
172.37.101.41 - - [23/Mar/2021:10:32:17 +0800] "GET /api/v1/namespaces/default/pods?labelSelector=deployId%3D90 HTTP/1.1" 200 1791 "-" "okhttp/3.12.12" "-" 0.027 - -
172.37.101.41 - - [23/Mar/2021:10:32:17 +0800] "GET /api/v1/namespaces/default/pods?labelSelector=deployId%3D90 HTTP/1.1" 200 1791 "-" "okhttp/3.12.12" "-" 0.030 - -
172.37.101.41 - - [23/Mar/2021:10:32:19 +0800] "GET /api/v1/pods?labelSelector=deployId%3D90 HTTP/1.1" 200 1790 "-" "okhttp/3.12.12" "-" 0.037 - -
182.150.155.65 - - [23/Mar/2021:10:32:19 +0800] "GET / HTTP/1.1" 304 0 "http://passport1.bizsaas.com/" "Mozilla/5.0 (Windows NT 10.0; Win64; x64) AppleWebKit/537.36 (KHTML, like Gecko) Chrome/89.0.4389.90 Safari/537.36" "-" 0.000 - -
172.37.101.41 - - [23/Mar/2021:10:32:20 +0800] "GET /api/v1/namespaces/default/pods?labelSelector=deployId%3D58 HTTP/1.1" 200 1566 "-" "okhttp/3.12.12" "-" 0.027 - -
172.37.101.41 - - [23/Mar/2021:10:32:20 +0800] "GET /api/v1/pods?labelSelector=deployId%3D58 HTTP/1.1" 200 1565 "-" "okhttp/3.12.12" "-" 0.037 - -
172.37.101.41 - - [23/Mar/2021:10:32:20 +0800] "GET /api/v1/namespaces/default/pods?labelSelector=deployId%3D58 HTTP/1.1" 200 1566 "-" "okhttp/3.12.12" "-" 0.028 - -
52.83.129.15 - - [23/Mar/2021:10:32:20 +0800] "GET / HTTP/2.0" 200 9695 "-" "Go-http-client/2.0" "-" 0.000 - -
116.236.87.158 - - [23/Mar/2021:10:32:21 +0800] "POST /api/2/store/?sentry_key=631d3d4029a9488a98556057ae77286a&sentry_version=7 HTTP/2.0" 200 41 "http://app.lab.bizsaas.com/" "Mozilla/5.0 (Windows NT 10.0; Win64; x64) AppleWebKit/537.36 (KHTML, like Gecko) Chrome/89.0.4389.90 Safari/537.36" "-" 0.003 - -
172.37.101.41 - - [23/Mar/2021:10:32:22 +0800] "GET /api/v1/namespaces/default/pods?labelSelector=deployId%3D90 HTTP/1.1" 200 1791 "-" "okhttp/3.12.12" "-" 0.028 - -
172.37.101.41 - - [23/Mar/2021:10:32:22 +0800] "GET /api/v1/namespaces/default/pods?labelSelector=deployId%3D90 HTTP/1.1" 200 1791 "-" "okhttp/3.12.12" "-" 0.026 - -
182.150.155.65 - - [23/Mar/2021:10:32:22 +0800] "GET /api/sso/login/checkStatus?origin=app.bizsaas.com HTTP/2.0" 200 160 "https://vip.console.bizsaas.com/" "Mozilla/5.0 (Windows NT 10.0; Win64; x64) AppleWebKit/537.36 (KHTML, like Gecko) Chrome/89.0.4389.90 Safari/537.36" "-" 0.004 - 240.337.16164667428908169
112.80.29.214 - - [23/Mar/2021:10:32:23 +0800] "GET /api/im/ws/?userTag=beta HTTP/1.1" 101 800 "-" "Mozilla/5.0 (Macintosh; Intel Mac OS X 10_14_3) AppleWebKit/537.36 (KHTML, like Gecko) Chrome/89.0.4389.90 Safari/537.36" "-" 260.914 beta -
172.37.101.41 - - [23/Mar/2021:10:32:23 +0800] "GET /api/v1/namespaces/default/pods?labelSelector=deployId%3D58 HTTP/1.1" 200 1567 "-" "okhttp/3.12.12" "-" 0.028 - -
172.37.101.41 - - [23/Mar/2021:10:32:24 +0800] "GET /api/v1/namespaces/default/pods?labelSelector=deployId%3D58 HTTP/1.1" 200 1567 "-" "okhttp/3.12.12" "-" 0.030 - -
172.37.101.41 - - [23/Mar/2021:10:32:24 +0800] "GET /api/v1/pods?labelSelector=deployId%3D58 HTTP/1.1" 200 1565 "-" "okhttp/3.12.12" "-" 0.061 - -
112.20.239.29 - - [23/Mar/2021:10:32:24 +0800] "GET /api/im/ws/?userTag=beta HTTP/1.1" 101 10047 "-" "Mozilla/5.0 (Macintosh; Intel Mac OS X 10_15_7) AppleWebKit/537.36 (KHTML, like Gecko) Chrome/89.0.4389.90 Safari/537.36" "-" 1110.110 beta -
172.37.101.41 - - [23/Mar/2021:10:32:24 +0800] "GET /api/v1/pods?labelSelector=deployId%3D90 HTTP/1.1" 200 1790 "-" "okhttp/3.12.12" "-" 0.046 - -
172.37.101.41 - - [23/Mar/2021:10:32:00 +0800] "GET /api/v1/namespaces/default/pods?labelSelector=deployId%3D115%2Cversion%3D5 HTTP/1.1" 200 1788 "-" "okhttp/3.12.12" "-" 0.029 - -
52.83.129.15 - - [23/Mar/2021:10:32:00 +0800] "GET / HTTP/2.0" 200 9695 "-" "Go-http-client/2.0" "-" 0.000 - -
172.37.101.41 - - [23/Mar/2021:10:32:00 +0800] "GET /apis/batch/v1/namespaces/default/jobs?labelSelector=jobDeployId%3D115 HTTP/1.1" 200 149 "-" "okhttp/3.12.12" "-" 0.013 - -
172.37.101.41 - - [23/Mar/2021:10:32:00 +0800] "GET /api/v1/namespaces/default/pods?labelSelector=deployId%3D117 HTTP/1.1" 200 1783 "-" "okhttp/3.12.12" "-" 0.030 - -
172.37.101.41 - - [23/Mar/2021:10:32:00 +0800] "GET /api/v1/namespaces/default/pods?labelSelector=deployId%3D117%2Cversion%3D2 HTTP/1.1" 200 1783 "-" "okhttp/3.12.12" "-" 0.034 - -
172.37.101.41 - - [23/Mar/2021:10:32:00 +0800] "GET /apis/batch/v1/namespaces/default/jobs?labelSelector=jobDeployId%3D117 HTTP/1.1" 200 149 "-" "okhttp/3.12.12" "-" 0.014 - -
172.37.101.41 - - [23/Mar/2021:10:32:00 +0800] "GET /api/v1/namespaces/default/pods?labelSelector=deployId%3D118 HTTP/1.1" 200 136 "-" "okhttp/3.12.12" "-" 0.070 - -
172.37.101.41 - - [23/Mar/2021:10:32:00 +0800] "GET /api/v1/namespaces/default/pods?labelSelector=deployId%3D119 HTTP/1.1" 200 136 "-" "okhttp/3.12.12" "-" 0.026 - -
172.37.101.41 - - [23/Mar/2021:10:32:00 +0800] "GET /api/v1/namespaces/default/pods?labelSelector=deployId%3D120 HTTP/1.1" 200 136 "-" "okhttp/3.12.12" "-" 0.028 - -
172.37.101.41 - - [23/Mar/2021:10:32:01 +0800] "GET /api/v1/namespaces/default/pods?labelSelector=deployId%3D121 HTTP/1.1" 200 136 "-" "okhttp/3.12.12" "-" 0.095 - -
172.37.101.41 - - [23/Mar/2021:10:32:01 +0800] "GET /api/v1/namespaces/default/pods?labelSelector=deployId%3D122 HTTP/1.1" 200 1704 "-" "okhttp/3.12.12" "-" 0.031 - -
172.37.101.41 - - [23/Mar/2021:10:32:01 +0800] "GET /api/v1/namespaces/default/pods?labelSelector=deployId%3D122%2Cversion%3D22 HTTP/1.1" 200 1704 "-" "okhttp/3.12.12" "-" 0.031 - -
172.37.101.41 - - [23/Mar/2021:10:32:01 +0800] "GET /apis/batch/v1/namespaces/default/jobs?labelSelector=jobDeployId%3D122 HTTP/1.1" 200 149 "-" "okhttp/3.12.12" "-" 0.013 - -
172.37.101.41 - - [23/Mar/2021:10:32:01 +0800] "GET /api/v1/namespaces/default/pods?labelSelector=deployId%3D124 HTTP/1.1" 200 2141 "-" "okhttp/3.12.12" "-" 0.031 - -
172.37.101.41 - - [23/Mar/2021:10:32:01 +0800] "GET /api/v1/namespaces/default/pods?labelSelector=deployId%3D124%2Cversion%3D5 HTTP/1.1" 200 2141 "-" "okhttp/3.12.12" "-" 0.028 - -
172.37.101.41 - - [23/Mar/2021:10:32:01 +0800] "GET /apis/batch/v1/namespaces/default/jobs?labelSelector=jobDeployId%3D124 HTTP/1.1" 200 149 "-" "okhttp/3.12.12" "-" 0.013 - -
172.37.101.41 - - [23/Mar/2021:10:32:01 +0800] "GET /api/v1/namespaces/default/pods?labelSelector=deployId%3D125 HTTP/1.1" 200 2261 "-" "okhttp/3.12.12" "-" 0.029 - -
172.37.101.41 - - [23/Mar/2021:10:32:01 +0800] "GET /api/v1/namespaces/default/pods?labelSelector=deployId%3D125%2Cversion%3D5 HTTP/1.1" 200 2261 "-" "okhttp/3.12.12" "-" 0.028 - -
172.37.101.41 - - [23/Mar/2021:10:32:01 +0800] "GET /apis/batch/v1/namespaces/default/jobs?labelSelector=jobDeployId%3D125 HTTP/1.1" 200 149 "-" "okhttp/3.12.12" "-" 0.012 - -
172.37.101.41 - - [23/Mar/2021:10:32:01 +0800] "GET /api/v1/namespaces/default/pods?labelSelector=deployId%3D126 HTTP/1.1" 200 1649 "-" "okhttp/3.12.12" "-" 0.028 - -
172.37.101.41 - - [23/Mar/2021:10:32:01 +0800] "GET /api/v1/namespaces/default/pods?labelSelector=deployId%3D126%2Cversion%3D24 HTTP/1.1" 200 1649 "-" "okhttp/3.12.12" "-" 0.028 - -
172.37.101.41 - - [23/Mar/2021:10:32:01 +0800] "GET /apis/batch/v1/namespaces/default/jobs?labelSelector=jobDeployId%3D126 HTTP/1.1" 200 149 "-" "okhttp/3.12.12" "-" 0.013 - -
172.37.101.41 - - [23/Mar/2021:10:32:01 +0800] "GET /api/v1/namespaces/default/pods?labelSelector=deployId%3D127 HTTP/1.1" 200 1717 "-" "okhttp/3.12.12" "-" 0.028 - -
172.37.101.41 - - [23/Mar/2021:10:32:01 +0800] "GET /api/v1/namespaces/default/pods?labelSelector=deployId%3D127%2Cversion%3D11 HTTP/1.1" 200 1717 "-" "okhttp/3.12.12" "-" 0.027 - -
172.37.101.41 - - [23/Mar/2021:10:32:01 +0800] "GET /apis/batch/v1/namespaces/default/jobs?labelSelector=jobDeployId%3D127 HTTP/1.1" 200 149 "-" "okhttp/3.12.12" "-" 0.012 - -
172.37.101.41 - - [23/Mar/2021:10:32:01 +0800] "GET /api/v1/namespaces/default/pods?labelSelector=deployId%3D128 HTTP/1.1" 200 1535 "-" "okhttp/3.12.12" "-" 0.026 - -
172.37.101.41 - - [23/Mar/2021:10:32:01 +0800] "GET /api/v1/namespaces/default/pods?labelSelector=deployId%3D128%2Cversion%3D11 HTTP/1.1" 200 1535 "-" "okhttp/3.12.12" "-" 0.029 - -
172.37.101.41 - - [23/Mar/2021:10:32:01 +0800] "GET /apis/batch/v1/namespaces/default/jobs?labelSelector=jobDeployId%3D128 HTTP/1.1" 200 149 "-" "okhttp/3.12.12" "-" 0.013 - -
172.37.101.41 - - [23/Mar/2021:10:32:01 +0800] "GET /api/v1/namespaces/default/pods?labelSelector=deployId%3D129 HTTP/1.1" 200 1829 "-" "okhttp/3.12.12" "-" 0.045 - -
172.37.101.41 - - [23/Mar/2021:10:32:01 +0800] "GET /api/v1/namespaces/default/pods?labelSelector=deployId%3D129%2Cversion%3D2 HTTP/1.1" 200 1829 "-" "okhttp/3.12.12" "-" 0.036 - -
172.37.101.41 - - [23/Mar/2021:10:32:01 +0800] "GET /apis/batch/v1/namespaces/default/jobs?labelSelector=jobDeployId%3D129 HTTP/1.1" 200 149 "-" "okhttp/3.12.12" "-" 0.014 - -
172.37.101.41 - - [23/Mar/2021:10:32:01 +0800] "GET /api/v1/namespaces/default/pods?labelSelector=deployId%3D131 HTTP/1.1" 200 1582 "-" "okhttp/3.12.12" "-" 0.030 - -
172.37.101.41 - - [23/Mar/2021:10:32:01 +0800] "GET /api/v1/namespaces/default/pods?labelSelector=deployId%3D131%2Cversion%3D1 HTTP/1.1" 200 1582 "-" "okhttp/3.12.12" "-" 0.034 - -
172.37.101.41 - - [23/Mar/2021:10:32:01 +0800] "GET /apis/batch/v1/namespaces/default/jobs?labelSelector=jobDeployId%3D131 HTTP/1.1" 200 149 "-" "okhttp/3.12.12" "-" 0.014 - -
172.37.101.41 - - [23/Mar/2021:10:32:01 +0800] "GET /api/v1/namespaces/default/pods?labelSelector=deployId%3D132 HTTP/1.1" 200 1626 "-" "okhttp/3.12.12" "-" 0.032 - -
172.37.101.41 - - [23/Mar/2021:10:32:01 +0800] "GET /api/v1/namespaces/default/pods?labelSelector=deployId%3D132%2Cversion%3D6 HTTP/1.1" 200 1626 "-" "okhttp/3.12.12" "-" 0.029 - -
172.37.101.41 - - [23/Mar/2021:10:32:01 +0800] "GET /apis/batch/v1/namespaces/default/jobs?labelSelector=jobDeployId%3D132 HTTP/1.1" 200 149 "-" "okhttp/3.12.12" "-" 0.013 - -
172.37.101.41 - - [23/Mar/2021:10:32:01 +0800] "GET /api/v1/namespaces/default/pods?labelSelector=deployId%3D133 HTTP/1.1" 200 1519 "-" "okhttp/3.12.12" "-" 0.042 - -
172.37.101.41 - - [23/Mar/2021:10:32:01 +0800] "GET /api/v1/namespaces/default/pods?labelSelector=deployId%3D133%2Cversion%3D2 HTTP/1.1" 200 1519 "-" "okhttp/3.12.12" "-" 0.029 - -
172.37.101.41 - - [23/Mar/2021:10:32:01 +0800] "GET /apis/batch/v1/namespaces/default/jobs?labelSelector=jobDeployId%3D133 HTTP/1.1" 200 149 "-" "okhttp/3.12.12" "-" 0.012 - -
172.37.101.41 - - [23/Mar/2021:10:32:01 +0800] "GET /api/v1/namespaces/default/pods?labelSelector=deployId%3D134 HTTP/1.1" 200 1529 "-" "okhttp/3.12.12" "-" 0.029 - -
172.37.101.41 - - [23/Mar/2021:10:32:01 +0800] "GET /api/v1/namespaces/default/pods?labelSelector=deployId%3D134%2Cversion%3D2 HTTP/1.1" 200 1529 "-" "okhttp/3.12.12" "-" 0.028 - -
172.37.101.41 - - [23/Mar/2021:10:32:01 +0800] "GET /apis/batch/v1/namespaces/default/jobs?labelSelector=jobDeployId%3D134 HTTP/1.1" 200 149 "-" "okhttp/3.12.12" "-" 0.013 - -
172.37.101.41 - - [23/Mar/2021:10:32:01 +0800] "GET /api/v1/namespaces/default/pods?labelSelector=deployId%3D135 HTTP/1.1" 200 136 "-" "okhttp/3.12.12" "-" 0.029 - -
182.150.155.65 - - [23/Mar/2021:10:32:02 +0800] "GET /api/sso/login/checkStatus?origin=app.bizsaas.com HTTP/1.1" 200 203 "http://app.bizsaas.com/" "Mozilla/5.0 (Windows NT 10.0; Win64; x64) AppleWebKit/537.36 (KHTML, like Gecko) Chrome/89.0.4389.90 Safari/537.36" "-" 0.005 - 469523.188040.16164669140030001
222.161.241.6 - - [23/Mar/2021:10:32:02 +0800] "GET /api/im/ws/ HTTP/1.1" 101 1756 "-" "Mozilla/5.0 (Windows NT 10.0; Win64; x64) AppleWebKit/537.36 (KHTML, like Gecko) Chrome/89.0.4389.90 Safari/537.36" "-" 260.860 - -
172.37.101.41 - - [23/Mar/2021:10:32:03 +0800] "GET /api/v1/pods?labelSelector=deployId%3D58 HTTP/1.1" 200 1565 "-" "okhttp/3.12.12" "-" 0.037 - -
218.4.198.238 - - [23/Mar/2021:10:32:03 +0800] "GET /api/im/ws/ HTTP/1.1" 101 2579 "-" "Mozilla/5.0 (Windows NT 6.1; WOW64) AppleWebKit/537.36 (KHTML, like Gecko) Chrome/63.0.3239.132 Safari/537.36" "-" 220.153 - -
172.37.101.41 - - [23/Mar/2021:10:32:03 +0800] "GET /api/v1/namespaces/default/pods?labelSelector=deployId%3D58 HTTP/1.1" 200 1567 "-" "okhttp/3.12.12" "-" 0.090 - -
172.37.101.41 - - [23/Mar/2021:10:32:04 +0800] "GET /api/v1/namespaces/default/pods?labelSelector=deployId%3D58 HTTP/1.1" 200 1567 "-" "okhttp/3.12.12" "-" 0.028 - -
112.80.29.214 - - [23/Mar/2021:10:32:04 +0800] "GET /api/im/ws/?userTag=beta HTTP/1.1" 101 766 "-" "Mozilla/5.0 (Macintosh; Intel Mac OS X 10_14_6) AppleWebKit/537.36 (KHTML, like Gecko) Chrome/89.0.4389.90 Safari/537.36" "-" 260.366 beta -
172.37.101.41 - - [23/Mar/2021:10:32:04 +0800] "GET /api/v1/namespaces/default/pods?labelSelector=deployId%3D90 HTTP/1.1" 200 1792 "-" "okhttp/3.12.12" "-" 0.028 - -
172.37.101.41 - - [23/Mar/2021:10:32:04 +0800] "GET /api/v1/namespaces/default/pods?labelSelector=deployId%3D90 HTTP/1.1" 200 1792 "-" "okhttp/3.12.12" "-" 0.032 - -
172.37.101.41 - - [23/Mar/2021:10:32:04 +0800] "GET /api/v1/pods?labelSelector=deployId%3D90 HTTP/1.1" 200 1790 "-" "okhttp/3.12.12" "-" 0.063 - -
183.157.52.175 - - [23/Mar/2021:10:32:06 +0800] "OPTIONS /api/sso/login/password HTTP/1.1" 200 0 "http://passport1.bizsaas.com/" "Mozilla/5.0 (Windows NT 6.1; Win64; x64) AppleWebKit/537.36 (KHTML, like Gecko) Chrome/89.0.4389.90 Safari/537.36" "-" 0.000 - -
192.241.226.148 - - [23/Mar/2021:10:32:07 +0800] "GET /owa/auth/logon.aspx?url=https%3a%2f%2f1%2fecp%2f HTTP/1.1" 404 9 "-" "Mozilla/5.0 zgrab/0.x" "-" 0.000 - -
172.37.101.41 - - [23/Mar/2021:10:32:07 +0800] "GET /api/v1/namespaces/default/pods?labelSelector=deployId%3D58 HTTP/1.1" 200 1566 "-" "okhttp/3.12.12" "-" 0.027 - -
172.37.101.41 - - [23/Mar/2021:10:32:07 +0800] "GET /api/v1/pods?labelSelector=deployId%3D58 HTTP/1.1" 200 1565 "-" "okhttp/3.12.12" "-" 0.036 - -
172.37.101.41 - - [23/Mar/2021:10:32:07 +0800] "GET /api/v1/namespaces/default/pods?labelSelector=deployId%3D58 HTTP/1.1" 200 1566 "-" "okhttp/3.12.12" "-" 0.028 - -
172.37.101.41 - - [23/Mar/2021:10:32:08 +0800] "GET /api/v1/namespaces/default/pods?labelSelector=deployId%3D90 HTTP/1.1" 200 1791 "-" "okhttp/3.12.12" "-" 0.135 - -
172.37.101.41 - - [23/Mar/2021:10:32:08 +0800] "GET /api/v1/namespaces/default/pods?labelSelector=deployId%3D90 HTTP/1.1" 200 1791 "-" "okhttp/3.12.12" "-" 0.074 - -
183.157.52.175 - - [23/Mar/2021:10:32:08 +0800] "OPTIONS /api/sso/login/checkStatus?origin=app.bizsaas.com HTTP/1.1" 200 0 "http://app.bizsaas.com/" "Mozilla/5.0 (Windows NT 6.1; Win64; x64) AppleWebKit/537.36 (KHTML, like Gecko) Chrome/89.0.4389.90 Safari/537.36" "-" 0.000 - -
172.37.101.41 - - [23/Mar/2021:10:32:09 +0800] "GET /api/v1/pods?labelSelector=deployId%3D90 HTTP/1.1" 200 1790 "-" "okhttp/3.12.12" "-" 0.038 - -
52.83.129.15 - - [23/Mar/2021:10:32:10 +0800] "GET / HTTP/2.0" 200 9695 "-" "Go-http-client/2.0" "-" 0.000 - -
116.236.87.158 - - [23/Mar/2021:10:32:11 +0800] "POST /api/2/store/?sentry_key=631d3d4029a9488a98556057ae77286a&sentry_version=7 HTTP/2.0" 200 41 "http://app-admin.lab.bizsaas.com/" "Mozilla/5.0 (Windows NT 10.0; Win64; x64) AppleWebKit/537.36 (KHTML, like Gecko) Chrome/89.0.4389.90 Safari/537.36 Edg/89.0.774.57" "-" 0.009 - -
172.37.101.41 - - [23/Mar/2021:10:32:11 +0800] "GET /api/v1/namespaces/default/pods?labelSelector=deployId%3D58 HTTP/1.1" 200 1567 "-" "okhttp/3.12.12" "-" 0.032 - -
172.37.101.41 - - [23/Mar/2021:10:32:11 +0800] "GET /api/v1/pods?labelSelector=deployId%3D58 HTTP/1.1" 200 1565 "-" "okhttp/3.12.12" "-" 0.044 - -
172.37.101.41 - - [23/Mar/2021:10:32:11 +0800] "GET /api/v1/namespaces/default/pods?labelSelector=deployId%3D58 HTTP/1.1" 200 1567 "-" "okhttp/3.12.12" "-" 0.033 - -
172.37.101.41 - - [23/Mar/2021:10:32:12 +0800] "GET /api/v1/namespaces/default/pods?labelSelector=deployId%3D90 HTTP/1.1" 200 1791 "-" "okhttp/3.12.12" "-" 0.030 - -
172.37.101.41 - - [23/Mar/2021:10:32:12 +0800] "GET /api/v1/namespaces/default/pods?labelSelector=deployId%3D90 HTTP/1.1" 200 1791 "-" "okhttp/3.12.12" "-" 0.033 - -
112.80.29.214 - - [23/Mar/2021:10:32:13 +0800] "POST /api/9/store/?sentry_key=4029a00ef0fb4e6f903eb41f17f114ab&sentry_version=7 HTTP/2.0" 200 41 "http://app-mobile.bizsaas.com/" "Mozilla/5.0 (Linux; Android 6.0; Nexus 5 Build/MRA58N) AppleWebKit/537.36 (KHTML, like Gecko) Chrome/89.0.4389.90 Mobile Safari/537.36" "-" 0.006 - -
112.20.239.29 - - [23/Mar/2021:10:32:13 +0800] "GET /api/im/ws/?userTag=beta HTTP/1.1" 101 766 "-" "Mozilla/5.0 (Macintosh; Intel Mac OS X 10_15_7) AppleWebKit/537.36 (KHTML, like Gecko) Chrome/89.0.4389.90 Safari/537.36" "-" 260.838 beta -
116.236.87.158 - - [23/Mar/2021:10:32:14 +0800] "POST /api/2/store/?sentry_key=631d3d4029a9488a98556057ae77286a&sentry_version=7 HTTP/2.0" 200 41 "http://app-admin.lab.bizsaas.com/" "Mozilla/5.0 (Windows NT 10.0; Win64; x64) AppleWebKit/537.36 (KHTML, like Gecko) Chrome/89.0.4389.90 Safari/537.36 Edg/89.0.774.57" "-" 0.005 - -
172.37.101.41 - - [23/Mar/2021:10:32:14 +0800] "GET /api/v1/pods?labelSelector=deployId%3D90 HTTP/1.1" 200 1791 "-" "okhttp/3.12.12" "-" 0.052 - -
112.80.29.214 - - [23/Mar/2021:10:32:14 +0800] "GET /api/im/ws/ HTTP/1.1" 101 3533 "-" "Mozilla/5.0 (Macintosh; Intel Mac OS X 10_15_4) AppleWebKit/537.36 (KHTML, like Gecko) Chrome/89.0.4389.90 Safari/537.36" "-" 260.895  -
182.150.155.65 - - [23/Mar/2021:10:32:15 +0800] "GET /api/sso/logout HTTP/1.1" 200 120 "http://app.bizsaas.com/" "Mozilla/5.0 (Windows NT 10.0; Win64; x64) AppleWebKit/537.36 (KHTML, like Gecko) Chrome/89.0.4389.90 Safari/537.36" "-" 0.006 - 1.23498602582.16164669272440000
182.150.155.65 - - [23/Mar/2021:10:32:15 +0800] "GET /api/sso/login/checkStatus?origin=app.bizsaas.com HTTP/1.1" 200 171 "http://app.bizsaas.com/" "Mozilla/5.0 (Windows NT 10.0; Win64; x64) AppleWebKit/537.36 (KHTML, like Gecko) Chrome/89.0.4389.90 Safari/537.36" "-" 0.004 - 183548.188648.16164669275770001
182.150.155.65 - - [23/Mar/2021:10:32:15 +0800] "GET /api/sso/logout HTTP/1.1" 200 120 "http://app.bizsaas.com/" "Mozilla/5.0 (Windows NT 10.0; Win64; x64) AppleWebKit/537.36 (KHTML, like Gecko) Chrome/89.0.4389.90 Safari/537.36" "-" 0.006 - 295072.732386.16164669276350004
172.37.101.41 - - [23/Mar/2021:10:32:15 +0800] "GET /api/v1/namespaces/default/pods?labelSelector=deployId%3D58 HTTP/1.1" 200 1566 "-" "okhttp/3.12.12" "-" 0.026 - -
172.37.101.41 - - [23/Mar/2021:10:32:16 +0800] "GET /api/v1/pods?labelSelector=deployId%3D58 HTTP/1.1" 200 1565 "-" "okhttp/3.12.12" "-" 0.037 - -
172.37.101.41 - - [23/Mar/2021:10:32:16 +0800] "GET /api/v1/namespaces/default/pods?labelSelector=deployId%3D58 HTTP/1.1" 200 1566 "-" "okhttp/3.12.12" "-" 0.029 - -
182.150.155.65 - - [23/Mar/2021:10:32:16 +0800] "GET /api/im/ws/ HTTP/1.1" 101 1560 "-" "Mozilla/5.0 (Windows NT 10.0; Win64; x64) AppleWebKit/537.36 (KHTML, like Gecko) Chrome/89.0.4389.90 Safari/537.36" "-" 12.947 - -
172.37.101.41 - - [23/Mar/2021:10:32:17 +0800] "GET /api/v1/namespaces/default/pods?labelSelector=deployId%3D90 HTTP/1.1" 200 1791 "-" "okhttp/3.12.12" "-" 0.027 - -
172.37.101.41 - - [23/Mar/2021:10:32:17 +0800] "GET /api/v1/namespaces/default/pods?labelSelector=deployId%3D90 HTTP/1.1" 200 1791 "-" "okhttp/3.12.12" "-" 0.030 - -
172.37.101.41 - - [23/Mar/2021:10:32:19 +0800] "GET /api/v1/pods?labelSelector=deployId%3D90 HTTP/1.1" 200 1790 "-" "okhttp/3.12.12" "-" 0.037 - -
182.150.155.65 - - [23/Mar/2021:10:32:19 +0800] "GET / HTTP/1.1" 304 0 "http://passport1.bizsaas.com/" "Mozilla/5.0 (Windows NT 10.0; Win64; x64) AppleWebKit/537.36 (KHTML, like Gecko) Chrome/89.0.4389.90 Safari/537.36" "-" 0.000 - -
172.37.101.41 - - [23/Mar/2021:10:32:20 +0800] "GET /api/v1/namespaces/default/pods?labelSelector=deployId%3D58 HTTP/1.1" 200 1566 "-" "okhttp/3.12.12" "-" 0.027 - -
172.37.101.41 - - [23/Mar/2021:10:32:20 +0800] "GET /api/v1/pods?labelSelector=deployId%3D58 HTTP/1.1" 200 1565 "-" "okhttp/3.12.12" "-" 0.037 - -
172.37.101.41 - - [23/Mar/2021:10:32:20 +0800] "GET /api/v1/namespaces/default/pods?labelSelector=deployId%3D58 HTTP/1.1" 200 1566 "-" "okhttp/3.12.12" "-" 0.028 - -
52.83.129.15 - - [23/Mar/2021:10:32:20 +0800] "GET / HTTP/2.0" 200 9695 "-" "Go-http-client/2.0" "-" 0.000 - -
116.236.87.158 - - [23/Mar/2021:10:32:21 +0800] "POST /api/2/store/?sentry_key=631d3d4029a9488a98556057ae77286a&sentry_version=7 HTTP/2.0" 200 41 "http://app.lab.bizsaas.com/" "Mozilla/5.0 (Windows NT 10.0; Win64; x64) AppleWebKit/537.36 (KHTML, like Gecko) Chrome/89.0.4389.90 Safari/537.36" "-" 0.003 - -
172.37.101.41 - - [23/Mar/2021:10:32:22 +0800] "GET /api/v1/namespaces/default/pods?labelSelector=deployId%3D90 HTTP/1.1" 200 1791 "-" "okhttp/3.12.12" "-" 0.028 - -
172.37.101.41 - - [23/Mar/2021:10:32:22 +0800] "GET /api/v1/namespaces/default/pods?labelSelector=deployId%3D90 HTTP/1.1" 200 1791 "-" "okhttp/3.12.12" "-" 0.026 - -
182.150.155.65 - - [23/Mar/2021:10:32:22 +0800] "GET /api/sso/login/checkStatus?origin=app.bizsaas.com HTTP/2.0" 200 160 "https://vip.console.bizsaas.com/" "Mozilla/5.0 (Windows NT 10.0; Win64; x64) AppleWebKit/537.36 (KHTML, like Gecko) Chrome/89.0.4389.90 Safari/537.36" "-" 0.004 - 240.337.16164667428908169
112.80.29.214 - - [23/Mar/2021:10:32:23 +0800] "GET /api/im/ws/?userTag=beta HTTP/1.1" 101 800 "-" "Mozilla/5.0 (Macintosh; Intel Mac OS X 10_14_3) AppleWebKit/537.36 (KHTML, like Gecko) Chrome/89.0.4389.90 Safari/537.36" "-" 260.914 beta -
172.37.101.41 - - [23/Mar/2021:10:32:23 +0800] "GET /api/v1/namespaces/default/pods?labelSelector=deployId%3D58 HTTP/1.1" 200 1567 "-" "okhttp/3.12.12" "-" 0.028 - -
172.37.101.41 - - [23/Mar/2021:10:32:24 +0800] "GET /api/v1/namespaces/default/pods?labelSelector=deployId%3D58 HTTP/1.1" 200 1567 "-" "okhttp/3.12.12" "-" 0.030 - -
172.37.101.41 - - [23/Mar/2021:10:32:24 +0800] "GET /api/v1/pods?labelSelector=deployId%3D58 HTTP/1.1" 200 1565 "-" "okhttp/3.12.12" "-" 0.061 - -
112.20.239.29 - - [23/Mar/2021:10:32:24 +0800] "GET /api/im/ws/?userTag=beta HTTP/1.1" 101 10047 "-" "Mozilla/5.0 (Macintosh; Intel Mac OS X 10_15_7) AppleWebKit/537.36 (KHTML, like Gecko) Chrome/89.0.4389.90 Safari/537.36" "-" 1110.110 beta -
172.37.101.41 - - [23/Mar/2021:10:32:24 +0800] "GET /api/v1/pods?labelSelector=deployId%3D90 HTTP/1.1" 200 1790 "-" "okhttp/3.12.12" "-" 0.046 - -
172.37.101.41 - - [23/Mar/2021:10:32:00 +0800] "GET /api/v1/namespaces/default/pods?labelSelector=deployId%3D115%2Cversion%3D5 HTTP/1.1" 200 1788 "-" "okhttp/3.12.12" "-" 0.029 - -
52.83.129.15 - - [23/Mar/2021:10:32:00 +0800] "GET / HTTP/2.0" 200 9695 "-" "Go-http-client/2.0" "-" 0.000 - -
172.37.101.41 - - [23/Mar/2021:10:32:00 +0800] "GET /apis/batch/v1/namespaces/default/jobs?labelSelector=jobDeployId%3D115 HTTP/1.1" 200 149 "-" "okhttp/3.12.12" "-" 0.013 - -
172.37.101.41 - - [23/Mar/2021:10:32:00 +0800] "GET /api/v1/namespaces/default/pods?labelSelector=deployId%3D117 HTTP/1.1" 200 1783 "-" "okhttp/3.12.12" "-" 0.030 - -
172.37.101.41 - - [23/Mar/2021:10:32:00 +0800] "GET /api/v1/namespaces/default/pods?labelSelector=deployId%3D117%2Cversion%3D2 HTTP/1.1" 200 1783 "-" "okhttp/3.12.12" "-" 0.034 - -
172.37.101.41 - - [23/Mar/2021:10:32:00 +0800] "GET /apis/batch/v1/namespaces/default/jobs?labelSelector=jobDeployId%3D117 HTTP/1.1" 200 149 "-" "okhttp/3.12.12" "-" 0.014 - -
172.37.101.41 - - [23/Mar/2021:10:32:00 +0800] "GET /api/v1/namespaces/default/pods?labelSelector=deployId%3D118 HTTP/1.1" 200 136 "-" "okhttp/3.12.12" "-" 0.070 - -
172.37.101.41 - - [23/Mar/2021:10:32:00 +0800] "GET /api/v1/namespaces/default/pods?labelSelector=deployId%3D119 HTTP/1.1" 200 136 "-" "okhttp/3.12.12" "-" 0.026 - -
172.37.101.41 - - [23/Mar/2021:10:32:00 +0800] "GET /api/v1/namespaces/default/pods?labelSelector=deployId%3D120 HTTP/1.1" 200 136 "-" "okhttp/3.12.12" "-" 0.028 - -
172.37.101.41 - - [23/Mar/2021:10:32:01 +0800] "GET /api/v1/namespaces/default/pods?labelSelector=deployId%3D121 HTTP/1.1" 200 136 "-" "okhttp/3.12.12" "-" 0.095 - -
172.37.101.41 - - [23/Mar/2021:10:32:01 +0800] "GET /api/v1/namespaces/default/pods?labelSelector=deployId%3D122 HTTP/1.1" 200 1704 "-" "okhttp/3.12.12" "-" 0.031 - -
172.37.101.41 - - [23/Mar/2021:10:32:01 +0800] "GET /api/v1/namespaces/default/pods?labelSelector=deployId%3D122%2Cversion%3D22 HTTP/1.1" 200 1704 "-" "okhttp/3.12.12" "-" 0.031 - -
172.37.101.41 - - [23/Mar/2021:10:32:01 +0800] "GET /apis/batch/v1/namespaces/default/jobs?labelSelector=jobDeployId%3D122 HTTP/1.1" 200 149 "-" "okhttp/3.12.12" "-" 0.013 - -
172.37.101.41 - - [23/Mar/2021:10:32:01 +0800] "GET /api/v1/namespaces/default/pods?labelSelector=deployId%3D124 HTTP/1.1" 200 2141 "-" "okhttp/3.12.12" "-" 0.031 - -
172.37.101.41 - - [23/Mar/2021:10:32:01 +0800] "GET /api/v1/namespaces/default/pods?labelSelector=deployId%3D124%2Cversion%3D5 HTTP/1.1" 200 2141 "-" "okhttp/3.12.12" "-" 0.028 - -
172.37.101.41 - - [23/Mar/2021:10:32:01 +0800] "GET /apis/batch/v1/namespaces/default/jobs?labelSelector=jobDeployId%3D124 HTTP/1.1" 200 149 "-" "okhttp/3.12.12" "-" 0.013 - -
172.37.101.41 - - [23/Mar/2021:10:32:01 +0800] "GET /api/v1/namespaces/default/pods?labelSelector=deployId%3D125 HTTP/1.1" 200 2261 "-" "okhttp/3.12.12" "-" 0.029 - -
172.37.101.41 - - [23/Mar/2021:10:32:01 +0800] "GET /api/v1/namespaces/default/pods?labelSelector=deployId%3D125%2Cversion%3D5 HTTP/1.1" 200 2261 "-" "okhttp/3.12.12" "-" 0.028 - -
172.37.101.41 - - [23/Mar/2021:10:32:01 +0800] "GET /apis/batch/v1/namespaces/default/jobs?labelSelector=jobDeployId%3D125 HTTP/1.1" 200 149 "-" "okhttp/3.12.12" "-" 0.012 - -
172.37.101.41 - - [23/Mar/2021:10:32:01 +0800] "GET /api/v1/namespaces/default/pods?labelSelector=deployId%3D126 HTTP/1.1" 200 1649 "-" "okhttp/3.12.12" "-" 0.028 - -
172.37.101.41 - - [23/Mar/2021:10:32:01 +0800] "GET /api/v1/namespaces/default/pods?labelSelector=deployId%3D126%2Cversion%3D24 HTTP/1.1" 200 1649 "-" "okhttp/3.12.12" "-" 0.028 - -
172.37.101.41 - - [23/Mar/2021:10:32:01 +0800] "GET /apis/batch/v1/namespaces/default/jobs?labelSelector=jobDeployId%3D126 HTTP/1.1" 200 149 "-" "okhttp/3.12.12" "-" 0.013 - -
172.37.101.41 - - [23/Mar/2021:10:32:01 +0800] "GET /api/v1/namespaces/default/pods?labelSelector=deployId%3D127 HTTP/1.1" 200 1717 "-" "okhttp/3.12.12" "-" 0.028 - -
172.37.101.41 - - [23/Mar/2021:10:32:01 +0800] "GET /api/v1/namespaces/default/pods?labelSelector=deployId%3D127%2Cversion%3D11 HTTP/1.1" 200 1717 "-" "okhttp/3.12.12" "-" 0.027 - -
172.37.101.41 - - [23/Mar/2021:10:32:01 +0800] "GET /apis/batch/v1/namespaces/default/jobs?labelSelector=jobDeployId%3D127 HTTP/1.1" 200 149 "-" "okhttp/3.12.12" "-" 0.012 - -
172.37.101.41 - - [23/Mar/2021:10:32:01 +0800] "GET /api/v1/namespaces/default/pods?labelSelector=deployId%3D128 HTTP/1.1" 200 1535 "-" "okhttp/3.12.12" "-" 0.026 - -
172.37.101.41 - - [23/Mar/2021:10:32:01 +0800] "GET /api/v1/namespaces/default/pods?labelSelector=deployId%3D128%2Cversion%3D11 HTTP/1.1" 200 1535 "-" "okhttp/3.12.12" "-" 0.029 - -
172.37.101.41 - - [23/Mar/2021:10:32:01 +0800] "GET /apis/batch/v1/namespaces/default/jobs?labelSelector=jobDeployId%3D128 HTTP/1.1" 200 149 "-" "okhttp/3.12.12" "-" 0.013 - -
172.37.101.41 - - [23/Mar/2021:10:32:01 +0800] "GET /api/v1/namespaces/default/pods?labelSelector=deployId%3D129 HTTP/1.1" 200 1829 "-" "okhttp/3.12.12" "-" 0.045 - -
172.37.101.41 - - [23/Mar/2021:10:32:01 +0800] "GET /api/v1/namespaces/default/pods?labelSelector=deployId%3D129%2Cversion%3D2 HTTP/1.1" 200 1829 "-" "okhttp/3.12.12" "-" 0.036 - -
172.37.101.41 - - [23/Mar/2021:10:32:01 +0800] "GET /apis/batch/v1/namespaces/default/jobs?labelSelector=jobDeployId%3D129 HTTP/1.1" 200 149 "-" "okhttp/3.12.12" "-" 0.014 - -
172.37.101.41 - - [23/Mar/2021:10:32:01 +0800] "GET /api/v1/namespaces/default/pods?labelSelector=deployId%3D131 HTTP/1.1" 200 1582 "-" "okhttp/3.12.12" "-" 0.030 - -
172.37.101.41 - - [23/Mar/2021:10:32:01 +0800] "GET /api/v1/namespaces/default/pods?labelSelector=deployId%3D131%2Cversion%3D1 HTTP/1.1" 200 1582 "-" "okhttp/3.12.12" "-" 0.034 - -
172.37.101.41 - - [23/Mar/2021:10:32:01 +0800] "GET /apis/batch/v1/namespaces/default/jobs?labelSelector=jobDeployId%3D131 HTTP/1.1" 200 149 "-" "okhttp/3.12.12" "-" 0.014 - -
172.37.101.41 - - [23/Mar/2021:10:32:01 +0800] "GET /api/v1/namespaces/default/pods?labelSelector=deployId%3D132 HTTP/1.1" 200 1626 "-" "okhttp/3.12.12" "-" 0.032 - -
172.37.101.41 - - [23/Mar/2021:10:32:01 +0800] "GET /api/v1/namespaces/default/pods?labelSelector=deployId%3D132%2Cversion%3D6 HTTP/1.1" 200 1626 "-" "okhttp/3.12.12" "-" 0.029 - -
172.37.101.41 - - [23/Mar/2021:10:32:01 +0800] "GET /apis/batch/v1/namespaces/default/jobs?labelSelector=jobDeployId%3D132 HTTP/1.1" 200 149 "-" "okhttp/3.12.12" "-" 0.013 - -
172.37.101.41 - - [23/Mar/2021:10:32:01 +0800] "GET /api/v1/namespaces/default/pods?labelSelector=deployId%3D133 HTTP/1.1" 200 1519 "-" "okhttp/3.12.12" "-" 0.042 - -
172.37.101.41 - - [23/Mar/2021:10:32:01 +0800] "GET /api/v1/namespaces/default/pods?labelSelector=deployId%3D133%2Cversion%3D2 HTTP/1.1" 200 1519 "-" "okhttp/3.12.12" "-" 0.029 - -
172.37.101.41 - - [23/Mar/2021:10:32:01 +0800] "GET /apis/batch/v1/namespaces/default/jobs?labelSelector=jobDeployId%3D133 HTTP/1.1" 200 149 "-" "okhttp/3.12.12" "-" 0.012 - -
172.37.101.41 - - [23/Mar/2021:10:32:01 +0800] "GET /api/v1/namespaces/default/pods?labelSelector=deployId%3D134 HTTP/1.1" 200 1529 "-" "okhttp/3.12.12" "-" 0.029 - -
172.37.101.41 - - [23/Mar/2021:10:32:01 +0800] "GET /api/v1/namespaces/default/pods?labelSelector=deployId%3D134%2Cversion%3D2 HTTP/1.1" 200 1529 "-" "okhttp/3.12.12" "-" 0.028 - -
172.37.101.41 - - [23/Mar/2021:10:32:01 +0800] "GET /apis/batch/v1/namespaces/default/jobs?labelSelector=jobDeployId%3D134 HTTP/1.1" 200 149 "-" "okhttp/3.12.12" "-" 0.013 - -
172.37.101.41 - - [23/Mar/2021:10:32:01 +0800] "GET /api/v1/namespaces/default/pods?labelSelector=deployId%3D135 HTTP/1.1" 200 136 "-" "okhttp/3.12.12" "-" 0.029 - -
182.150.155.65 - - [23/Mar/2021:10:32:02 +0800] "GET /api/sso/login/checkStatus?origin=app.bizsaas.com HTTP/1.1" 200 203 "http://app.bizsaas.com/" "Mozilla/5.0 (Windows NT 10.0; Win64; x64) AppleWebKit/537.36 (KHTML, like Gecko) Chrome/89.0.4389.90 Safari/537.36" "-" 0.005 - 469523.188040.16164669140030001
222.161.241.6 - - [23/Mar/2021:10:32:02 +0800] "GET /api/im/ws/ HTTP/1.1" 101 1756 "-" "Mozilla/5.0 (Windows NT 10.0; Win64; x64) AppleWebKit/537.36 (KHTML, like Gecko) Chrome/89.0.4389.90 Safari/537.36" "-" 260.860 - -
172.37.101.41 - - [23/Mar/2021:10:32:03 +0800] "GET /api/v1/pods?labelSelector=deployId%3D58 HTTP/1.1" 200 1565 "-" "okhttp/3.12.12" "-" 0.037 - -
218.4.198.238 - - [23/Mar/2021:10:32:03 +0800] "GET /api/im/ws/ HTTP/1.1" 101 2579 "-" "Mozilla/5.0 (Windows NT 6.1; WOW64) AppleWebKit/537.36 (KHTML, like Gecko) Chrome/63.0.3239.132 Safari/537.36" "-" 220.153 - -
172.37.101.41 - - [23/Mar/2021:10:32:03 +0800] "GET /api/v1/namespaces/default/pods?labelSelector=deployId%3D58 HTTP/1.1" 200 1567 "-" "okhttp/3.12.12" "-" 0.090 - -
172.37.101.41 - - [23/Mar/2021:10:32:04 +0800] "GET /api/v1/namespaces/default/pods?labelSelector=deployId%3D58 HTTP/1.1" 200 1567 "-" "okhttp/3.12.12" "-" 0.028 - -
112.80.29.214 - - [23/Mar/2021:10:32:04 +0800] "GET /api/im/ws/?userTag=beta HTTP/1.1" 101 766 "-" "Mozilla/5.0 (Macintosh; Intel Mac OS X 10_14_6) AppleWebKit/537.36 (KHTML, like Gecko) Chrome/89.0.4389.90 Safari/537.36" "-" 260.366 beta -
172.37.101.41 - - [23/Mar/2021:10:32:04 +0800] "GET /api/v1/namespaces/default/pods?labelSelector=deployId%3D90 HTTP/1.1" 200 1792 "-" "okhttp/3.12.12" "-" 0.028 - -
172.37.101.41 - - [23/Mar/2021:10:32:04 +0800] "GET /api/v1/namespaces/default/pods?labelSelector=deployId%3D90 HTTP/1.1" 200 1792 "-" "okhttp/3.12.12" "-" 0.032 - -
172.37.101.41 - - [23/Mar/2021:10:32:04 +0800] "GET /api/v1/pods?labelSelector=deployId%3D90 HTTP/1.1" 200 1790 "-" "okhttp/3.12.12" "-" 0.063 - -
183.157.52.175 - - [23/Mar/2021:10:32:06 +0800] "OPTIONS /api/sso/login/password HTTP/1.1" 200 0 "http://passport1.bizsaas.com/" "Mozilla/5.0 (Windows NT 6.1; Win64; x64) AppleWebKit/537.36 (KHTML, like Gecko) Chrome/89.0.4389.90 Safari/537.36" "-" 0.000 - -
192.241.226.148 - - [23/Mar/2021:10:32:07 +0800] "GET /owa/auth/logon.aspx?url=https%3a%2f%2f1%2fecp%2f HTTP/1.1" 404 9 "-" "Mozilla/5.0 zgrab/0.x" "-" 0.000 - -
172.37.101.41 - - [23/Mar/2021:10:32:07 +0800] "GET /api/v1/namespaces/default/pods?labelSelector=deployId%3D58 HTTP/1.1" 200 1566 "-" "okhttp/3.12.12" "-" 0.027 - -
172.37.101.41 - - [23/Mar/2021:10:32:07 +0800] "GET /api/v1/pods?labelSelector=deployId%3D58 HTTP/1.1" 200 1565 "-" "okhttp/3.12.12" "-" 0.036 - -
172.37.101.41 - - [23/Mar/2021:10:32:07 +0800] "GET /api/v1/namespaces/default/pods?labelSelector=deployId%3D58 HTTP/1.1" 200 1566 "-" "okhttp/3.12.12" "-" 0.028 - -
172.37.101.41 - - [23/Mar/2021:10:32:08 +0800] "GET /api/v1/namespaces/default/pods?labelSelector=deployId%3D90 HTTP/1.1" 200 1791 "-" "okhttp/3.12.12" "-" 0.135 - -
172.37.101.41 - - [23/Mar/2021:10:32:08 +0800] "GET /api/v1/namespaces/default/pods?labelSelector=deployId%3D90 HTTP/1.1" 200 1791 "-" "okhttp/3.12.12" "-" 0.074 - -
183.157.52.175 - - [23/Mar/2021:10:32:08 +0800] "OPTIONS /api/sso/login/checkStatus?origin=app.bizsaas.com HTTP/1.1" 200 0 "http://app.bizsaas.com/" "Mozilla/5.0 (Windows NT 6.1; Win64; x64) AppleWebKit/537.36 (KHTML, like Gecko) Chrome/89.0.4389.90 Safari/537.36" "-" 0.000 - -
172.37.101.41 - - [23/Mar/2021:10:32:09 +0800] "GET /api/v1/pods?labelSelector=deployId%3D90 HTTP/1.1" 200 1790 "-" "okhttp/3.12.12" "-" 0.038 - -
52.83.129.15 - - [23/Mar/2021:10:32:10 +0800] "GET / HTTP/2.0" 200 9695 "-" "Go-http-client/2.0" "-" 0.000 - -
116.236.87.158 - - [23/Mar/2021:10:32:11 +0800] "POST /api/2/store/?sentry_key=631d3d4029a9488a98556057ae77286a&sentry_version=7 HTTP/2.0" 200 41 "http://app-admin.lab.bizsaas.com/" "Mozilla/5.0 (Windows NT 10.0; Win64; x64) AppleWebKit/537.36 (KHTML, like Gecko) Chrome/89.0.4389.90 Safari/537.36 Edg/89.0.774.57" "-" 0.009 - -
172.37.101.41 - - [23/Mar/2021:10:32:11 +0800] "GET /api/v1/namespaces/default/pods?labelSelector=deployId%3D58 HTTP/1.1" 200 1567 "-" "okhttp/3.12.12" "-" 0.032 - -
172.37.101.41 - - [23/Mar/2021:10:32:11 +0800] "GET /api/v1/pods?labelSelector=deployId%3D58 HTTP/1.1" 200 1565 "-" "okhttp/3.12.12" "-" 0.044 - -
172.37.101.41 - - [23/Mar/2021:10:32:11 +0800] "GET /api/v1/namespaces/default/pods?labelSelector=deployId%3D58 HTTP/1.1" 200 1567 "-" "okhttp/3.12.12" "-" 0.033 - -
172.37.101.41 - - [23/Mar/2021:10:32:12 +0800] "GET /api/v1/namespaces/default/pods?labelSelector=deployId%3D90 HTTP/1.1" 200 1791 "-" "okhttp/3.12.12" "-" 0.030 - -
172.37.101.41 - - [23/Mar/2021:10:32:12 +0800] "GET /api/v1/namespaces/default/pods?labelSelector=deployId%3D90 HTTP/1.1" 200 1791 "-" "okhttp/3.12.12" "-" 0.033 - -
112.80.29.214 - - [23/Mar/2021:10:32:13 +0800] "POST /api/9/store/?sentry_key=4029a00ef0fb4e6f903eb41f17f114ab&sentry_version=7 HTTP/2.0" 200 41 "http://app-mobile.bizsaas.com/" "Mozilla/5.0 (Linux; Android 6.0; Nexus 5 Build/MRA58N) AppleWebKit/537.36 (KHTML, like Gecko) Chrome/89.0.4389.90 Mobile Safari/537.36" "-" 0.006 - -
112.20.239.29 - - [23/Mar/2021:10:32:13 +0800] "GET /api/im/ws/?userTag=beta HTTP/1.1" 101 766 "-" "Mozilla/5.0 (Macintosh; Intel Mac OS X 10_15_7) AppleWebKit/537.36 (KHTML, like Gecko) Chrome/89.0.4389.90 Safari/537.36" "-" 260.838 beta -
116.236.87.158 - - [23/Mar/2021:10:32:14 +0800] "POST /api/2/store/?sentry_key=631d3d4029a9488a98556057ae77286a&sentry_version=7 HTTP/2.0" 200 41 "http://app-admin.lab.bizsaas.com/" "Mozilla/5.0 (Windows NT 10.0; Win64; x64) AppleWebKit/537.36 (KHTML, like Gecko) Chrome/89.0.4389.90 Safari/537.36 Edg/89.0.774.57" "-" 0.005 - -
172.37.101.41 - - [23/Mar/2021:10:32:14 +0800] "GET /api/v1/pods?labelSelector=deployId%3D90 HTTP/1.1" 200 1791 "-" "okhttp/3.12.12" "-" 0.052 - -
112.80.29.214 - - [23/Mar/2021:10:32:14 +0800] "GET /api/im/ws/ HTTP/1.1" 101 3533 "-" "Mozilla/5.0 (Macintosh; Intel Mac OS X 10_15_4) AppleWebKit/537.36 (KHTML, like Gecko) Chrome/89.0.4389.90 Safari/537.36" "-" 260.895  -
182.150.155.65 - - [23/Mar/2021:10:32:15 +0800] "GET /api/sso/logout HTTP/1.1" 200 120 "http://app.bizsaas.com/" "Mozilla/5.0 (Windows NT 10.0; Win64; x64) AppleWebKit/537.36 (KHTML, like Gecko) Chrome/89.0.4389.90 Safari/537.36" "-" 0.006 - 1.23498602582.16164669272440000
182.150.155.65 - - [23/Mar/2021:10:32:15 +0800] "GET /api/sso/login/checkStatus?origin=app.bizsaas.com HTTP/1.1" 200 171 "http://app.bizsaas.com/" "Mozilla/5.0 (Windows NT 10.0; Win64; x64) AppleWebKit/537.36 (KHTML, like Gecko) Chrome/89.0.4389.90 Safari/537.36" "-" 0.004 - 183548.188648.16164669275770001
182.150.155.65 - - [23/Mar/2021:10:32:15 +0800] "GET /api/sso/logout HTTP/1.1" 200 120 "http://app.bizsaas.com/" "Mozilla/5.0 (Windows NT 10.0; Win64; x64) AppleWebKit/537.36 (KHTML, like Gecko) Chrome/89.0.4389.90 Safari/537.36" "-" 0.006 - 295072.732386.16164669276350004
172.37.101.41 - - [23/Mar/2021:10:32:15 +0800] "GET /api/v1/namespaces/default/pods?labelSelector=deployId%3D58 HTTP/1.1" 200 1566 "-" "okhttp/3.12.12" "-" 0.026 - -
